1

                    Execution started at 20260820.150013         



                    ---------------------------------------
                                     SWAN
                    SIMULATION OF WAVES IN NEAR SHORE AREAS
                             VERSION NUMBER 41.51A              
                    ---------------------------------------


    
 $ waveray validation case: island
    
 PROJ 'wray' 'V1'
    
 SET 0. 90. 0.05 200 2 NAUTICAL
    
 MODE STATIONARY TWODIMENSIONAL
    
 COORDINATES CARTESIAN
    
 CGRID REGULAR -15000.0 -15000.0 0. 30000.0 30000.0 120 120 CIRCLE 36 0.04 0.4 24
 Resolution in sigma-space: df/f =  0.1007
    
 INPGRID BOTTOM REGULAR -15000.0 -15000.0 0. 120 120 250.0 250.0
    
 READINP BOTTOM 1. 'bottom.bot' 3 0 FREE
    
 BOUN SIDE W CCW CONSTANT FILE 'boun.sp2'
    
 GEN3 KOMEN DRAG FIT
    
 OFF QUAD
    
 OFF WCAPPING
    
 OFF BREAKING
    
 NUM STOPC 0.005 0.01 0.005 99.5 STAT 80
    
 POINTS 'tg' 6000.00 0.00 6000.00 6000.00 -6000.00 0.00
    
 TABLE 'tg' HEAD 'island.tbl' XP YP DEP HSIGN TM01 DIR DSPR
    
 SPECOUT 'tg' SPEC2D ABS 'island.sp2'
    
 COMPUTE
 ** Warning          : Limiter is de-activated in case of no quadruplets

----------------------------------------------------------------
                  COMPUTATIONAL PART OF SWAN
----------------------------------------------------------------

 Gridresolution       : MXC             121 MYC            121
                      : MCGRD         14642
                      : MSC              25 MDC             36
                      : MTC               1
                      : NSTATC            0 ITERMX          80
 Propagation flags    : ITFRE             1 IREFR            1
 Source term flags    : IBOT              0 ISURF            0
                      : IWCAP             0 IWIND            0
                      : ITRIAD            0 IQUAD            0
                      : IBRAG             0 IQCM             0
                      : IVEG              0 ITURBV           0
                      : IMUD              0 IICE             0
 Spatial step         : DX       0.2500E+03 DY      0.2500E+03
 Spectral bin         : df/f     0.1007E+00 DDIR    0.1000E+02
 Physical constants   : GRAV     0.9810E+01 RHO     0.1025E+04
 Wind input           : WSPEED   0.0000E+00 DIR     0.0000E+00
                      : ICEWIND  0.00
 Tail parameters      : E(f)     0.4000E+01 E(k)    0.2500E+01
                      : A(f)     0.5000E+01 A(k)    0.3000E+01
 Accuracy parameters  : DREL     0.1000E-01 NPNTS   0.9950E+02
                      : DHABS    0.5000E-02 CURVAT  0.5000E-02
                      : GRWMX    0.1000E+21
 Drying/flooding      : LEVEL    0.0000E+00 DEPMIN  0.5000E-01
 The nautical  convention for wind and wave directions is used
 Scheme for geographic propagation is SORDUP
 Scheme geogr. space  : PROPSC            2 ICMAX            7
 Scheme spectral space: CSS      0.5000E+00 CDD     0.5000E+00
 Current is off
 Quadruplets is off
 Triads is off
 Bragg scattering is off
 QC scattering is off
 Surfbeat (IEM) is off
 Bottom friction is off
 Vegetation is off
 Turbulence is off
 Fluid mud is off
 Dissipation by sea ice is off
 Whitecapping is off
 Surf breaking is off
 Set-up is off
 Diffraction is off
 Janssen (`89,`90)    : ALPHA    0.1000E-01 KAPPA   0.4100E+00
 Janssen (`89,`90)    : RHOA     0.1280E+01 RHOW    0.1025E+04

 1st and 2nd gen. wind: CF10     0.1880E+03 CF20    0.5900E+00
                      : CF30     0.1200E+00 CF40    0.2500E+03
                      : CF50     0.2300E-02 CF60   -0.2230E+00
                      : CF70     0.0000E+00 CF80   -0.5600E+00
                      : RHOAW    0.1249E-02 EDMLPM  0.3600E-02
                      : CDRAG    0.1230E-02 UMIN    0.1000E+01
                      : LIM_PM   0.1300E+00

 iteration    1; sweep 1
 iteration    1; sweep 2
 iteration    1; sweep 3
 iteration    1; sweep 4
 not possible to compute, first iteration

 iteration    2; sweep 1
 iteration    2; sweep 2
 iteration    2; sweep 3
 iteration    2; sweep 4
 accuracy OK in 100.00 % of wet grid points ( 99.50 % required)


    
 STOP
